Token(type=LET, lexeme=let, literal=null, line=1)
Token(type=IDENTIFIER, lexeme=x, literal=null, line=1)
Token(type=EQUAL, lexeme==, literal=null, line=1)
Token(type=IDENTIFIER, lexeme=y, literal=null, line=1)
Token(type=SEMICOLON, lexeme=;, literal=null, line=1)
Token(type=PRINT, lexeme=print, literal=null, line=2)
Token(type=IDENTIFIER, lexeme=x, literal=null, line=2)
Token(type=SEMICOLON, lexeme=;, literal=null, line=2)
Token(type=IF, lexeme=if, literal=null, line=3)
Token(type=TRUE, lexeme=true, literal=null, line=3)
Token(type=LEFT_BRACE, lexeme={, literal=null, line=3)
Token(type=IDENTIFIER, lexeme=z, literal=null, line=3)
Token(type=RIGHT_BRACE, lexeme=}, literal=null, line=3)
Token(type=ELSE, lexeme=else, literal=null, line=3)
Token(type=LEFT_BRACE, lexeme={, literal=null, line=3)
Token(type=NONE, lexeme=none, literal=null, line=3)
Token(type=RIGHT_BRACE, lexeme=}, literal=null, line=3)
Token(type=FOR, lexeme=for, literal=null, line=4)
Token(type=IDENTIFIER, lexeme=i, literal=null, line=4)
Token(type=IDENTIFIER, lexeme=foo_bar1, literal=null, line=4)
Token(type=EOF, lexeme=, literal=null, line=4)