Token(type=LET, lexeme=let, literal=null, line=1)
Token(type=IDENTIFIER, lexeme=greeting, literal=null, line=1)
Token(type=EQUAL, lexeme==, literal=null, line=1)
Token(type=STRING, lexeme="hello", literal=hello, line=1)
Token(type=PRINT, lexeme=print, literal=null, line=2)
Token(type=IDENTIFIER, lexeme=greeting, literal=null, line=2)
Token(type=EOF, lexeme=, literal=null, line=2)
