Token(type=LEFT_PAREN, lexeme=(, literal=null, line=1)
Token(type=RIGHT_PAREN, lexeme=), literal=null, line=1)
Token(type=LEFT_BRACE, lexeme={, literal=null, line=1)
Token(type=RIGHT_BRACE, lexeme=}, literal=null, line=1)
Token(type=SEMICOLON, lexeme=;, literal=null, line=1)
Token(type=PLUS, lexeme=+, literal=null, line=1)
Token(type=MINUS, lexeme=-, literal=null, line=1)
Token(type=STAR, lexeme=*, literal=null, line=1)
Token(type=SLASH, lexeme=/, literal=null, line=1)
Token(type=LESS, lexeme=<, literal=null, line=1)
Token(type=GREATER, lexeme=>, literal=null, line=1)
Token(type=EOF, lexeme=, literal=null, line=1)
